[36mvite v6.4.1 [32mbuilding for production...[36m[39m
transforming...
[32m✓[39m 9 modules transformed.
[31m✗[39m Build failed in 198ms
[31merror during build:
[31m[@tailwindcss/vite:generate:build] Cannot apply unknown utility class: text-accent[31m
file: [36mC:/Users/HP/Desktop/My Desktop/George WC/George-Wood-Caskets/src/index.css[31m
    at onInvalidCandidate (file:///C:/Users/HP/Desktop/My%20Desktop/George%20WC/George-Wood-Caskets/node_modules/tailwindcss/dist/lib.mjs:6:346)
    at Q (file:///C:/Users/HP/Desktop/My%20Desktop/George%20WC/George-Wood-Caskets/node_modules/tailwindcss/dist/lib.mjs:1:111175)
    at me (file:///C:/Users/HP/Desktop/My%20Desktop/George%20WC/George-Wood-Caskets/node_modules/tailwindcss/dist/lib.mjs:6:310)
    at Ht (file:///C:/Users/HP/Desktop/My%20Desktop/George%20WC/George-Wood-Caskets/node_modules/tailwindcss/dist/lib.mjs:22:780)
    at async Xr (file:///C:/Users/HP/Desktop/My%20Desktop/George%20WC/George-Wood-Caskets/node_modules/tailwindcss/dist/lib.mjs:22:1071)
    at async Lo (file:///C:/Users/HP/Desktop/My%20Desktop/George%20WC/George-Wood-Caskets/node_modules/tailwindcss/dist/lib.mjs:22:1748)
    at async st (file:///C:/Users/HP/Desktop/My%20Desktop/George%20WC/George-Wood-Caskets/node_modules/@tailwindcss/node/dist/index.mjs:10:3322)
    at async C.generate (file:///C:/Users/HP/Desktop/My%20Desktop/George%20WC/George-Wood-Caskets/node_modules/@tailwindcss/vite/dist/index.mjs:1:3932)
    at async Object.transform (file:///C:/Users/HP/Desktop/My%20Desktop/George%20WC/George-Wood-Caskets/node_modules/@tailwindcss/vite/dist/index.mjs:1:2354)
    at async transform (file:///C:/Users/HP/Desktop/My%20Desktop/George%20WC/George-Wood-Caskets/node_modules/rollup/dist/es/shared/node-entry.js:21149:16)[39m
